// Jest Snapshot v1, https://goo.gl/fbAQLP

exports[`Sniper table should set sniper values in columns [SNAPSHOT] 1`] = `
<table>
  <thead>
    <tr>
      <th
        className="border border-gray-300 dark:border-gray-500 px-2 py-1"
      >
        Item
      </th>
      <th
        className="border border-gray-300 dark:border-gray-500 px-2 py-1"
      >
        Last Price
      </th>
      <th
        className="border border-gray-300 dark:border-gray-500 px-2 py-1"
      >
        Last Bid
      </th>
      <th
        className="border border-gray-300 dark:border-gray-500 px-2 py-1"
      >
        Status
      </th>
    </tr>
  </thead>
  <tbody>
    <tr>
      <td
        className="border border-gray-300 dark:border-gray-500 px-2 py-1"
      >
        id
      </td>
      <td
        className="border border-gray-300 dark:border-gray-500 px-2 py-1"
      >
        1000
      </td>
      <td
        className="border border-gray-300 dark:border-gray-500 px-2 py-1"
      >
        1200
      </td>
      <td
        className="border border-gray-300 dark:border-gray-500 px-2 py-1"
      >
        Bidding
      </td>
    </tr>
  </tbody>
</table>
`;
